2026-04-09T09:47:25.824+05:30  INFO 11932 --- [auth-service] [main] c.example.auth.AuthServiceApplication    : Starting AuthServiceApplication using Java 17.0.10 with PID 11932 (D:\DemoProjects\SB_basics\DCS\auth-service\target\classes started by Anil Kumar in D:\DemoProjects\SB_basics\DCS\auth-service)
2026-04-09T09:47:25.836+05:30  INFO 11932 --- [auth-service] [main] c.example.auth.AuthServiceApplication    : No active profile set, falling back to 1 default profile: "default"
2026-04-09T09:47:28.046+05:30  INFO 11932 --- [auth-service] [main] .s.d.r.c.RepositoryConfigurationDelegate : Bootstrapping Spring Data JPA repositories in DEFAULT mode.
2026-04-09T09:47:28.143+05:30  INFO 11932 --- [auth-service] [main] .s.d.r.c.RepositoryConfigurationDelegate : Finished Spring Data repository scanning in 81 ms. Found 2 JPA repository interfaces.
2026-04-09T09:47:29.136+05:30  INFO 11932 --- [auth-service] [main] o.s.boot.tomcat.TomcatWebServer          : Tomcat initialized with port 8081 (http)
2026-04-09T09:47:29.152+05:30  INFO 11932 --- [auth-service] [main] o.apache.catalina.core.StandardService   : Starting service [Tomcat]
2026-04-09T09:47:29.153+05:30  INFO 11932 --- [auth-service] [main] o.apache.catalina.core.StandardEngine    : Starting Servlet engine: [Apache Tomcat/11.0.20]
2026-04-09T09:47:29.240+05:30  INFO 11932 --- [auth-service] [main] b.w.c.s.WebApplicationContextInitializer : Root WebApplicationContext: initialization completed in 3258 ms
2026-04-09T09:47:29.459+05:30  INFO 11932 --- [auth-service] [main] org.hibernate.orm.jpa                    : HHH008540: Processing PersistenceUnitInfo [name: default]
2026-04-09T09:47:29.588+05:30  INFO 11932 --- [auth-service] [main] org.hibernate.orm.core                   : HHH000001: Hibernate ORM core version 7.2.7.Final
2026-04-09T09:47:30.451+05:30  INFO 11932 --- [auth-service] [main] o.s.o.j.p.SpringPersistenceUnitInfo      : No LoadTimeWeaver setup: ignoring JPA class transformer
2026-04-09T09:47:30.515+05:30  INFO 11932 --- [auth-service] [main] com.zaxxer.hikari.HikariDataSource       : HikariPool-1 - Starting...
2026-04-09T09:47:30.952+05:30  INFO 11932 --- [auth-service] [main] com.zaxxer.hikari.pool.HikariPool        : HikariPool-1 - Added connection conn0: url=jdbc:h2:mem:testdb user=SA
2026-04-09T09:47:30.956+05:30  INFO 11932 --- [auth-service] [main] com.zaxxer.hikari.HikariDataSource       : HikariPool-1 - Start completed.
2026-04-09T09:47:30.999+05:30  WARN 11932 --- [auth-service] [main] org.hibernate.orm.deprecation            : HHH90000025: H2Dialect does not need to be specified explicitly using 'hibernate.dialect' (remove the property setting and it will be selected by default)
2026-04-09T09:47:31.038+05:30  INFO 11932 --- [auth-service] [main] org.hibernate.orm.connections.pooling    : HHH10001005: Database info:
	Database JDBC URL [jdbc:h2:mem:testdb]
	Database driver: H2 JDBC Driver
	Database dialect: H2Dialect
	Database version: 2.4.240
	Default catalog/schema: TESTDB/PUBLIC
	Autocommit mode: undefined/unknown
	Isolation level: READ_COMMITTED [default READ_COMMITTED]
	JDBC fetch size: 100
	Pool: DataSourceConnectionProvider
	Minimum pool size: undefined/unknown
	Maximum pool size: undefined/unknown
2026-04-09T09:47:32.808+05:30  INFO 11932 --- [auth-service] [main] org.hibernate.orm.core                   : HHH000489: No JTA platform available (set 'hibernate.transaction.jta.platform' to enable JTA platform integration)
2026-04-09T09:47:32.879+05:30  INFO 11932 --- [auth-service] [main] j.LocalContainerEntityManagerFactoryBean : Initialized JPA EntityManagerFactory for persistence unit 'default'
2026-04-09T09:47:32.986+05:30  INFO 11932 --- [auth-service] [main] o.s.d.j.r.query.QueryEnhancerFactories   : Hibernate is in classpath; If applicable, HQL parser will be used.
2026-04-09T09:47:33.428+05:30  WARN 11932 --- [auth-service] [main] JpaBaseConfiguration$JpaWebConfiguration : spring.jpa.open-in-view is enabled by default. Therefore, database queries may be performed during view rendering. Explicitly configure spring.jpa.open-in-view to disable this warning
2026-04-09T09:47:33.600+05:30  INFO 11932 --- [auth-service] [main] r$InitializeUserDetailsManagerConfigurer : Global AuthenticationManager configured with UserDetailsService bean with name customUserDetailsService
2026-04-09T09:47:34.277+05:30  INFO 11932 --- [auth-service] [main] o.s.b.h.a.H2ConsoleAutoConfiguration     : H2 console available at '/h2-console'. Database available at 'jdbc:h2:mem:testdb'
2026-04-09T09:47:34.425+05:30  INFO 11932 --- [auth-service] [main] o.s.boot.tomcat.TomcatWebServer          : Tomcat started on port 8081 (http) with context path '/'
2026-04-09T09:47:34.436+05:30  INFO 11932 --- [auth-service] [main] c.example.auth.AuthServiceApplication    : Started AuthServiceApplication in 9.667 seconds (process running for 11.451)
2026-04-09T09:48:32.633+05:30  INFO 11932 --- [auth-service] [http-nio-8081-exec-2] o.a.c.c.C.[Tomcat].[localhost].[/]       : Initializing Spring DispatcherServlet 'dispatcherServlet'
2026-04-09T09:48:32.634+05:30  INFO 11932 --- [auth-service] [http-nio-8081-exec-2] o.s.web.servlet.DispatcherServlet        : Initializing Servlet 'dispatcherServlet'
2026-04-09T09:48:32.637+05:30  INFO 11932 --- [auth-service] [http-nio-8081-exec-2] o.s.web.servlet.DispatcherServlet        : Completed initialization in 2 ms
2026-04-09T09:48:32.658+05:30  WARN 11932 --- [auth-service] [http-nio-8081-exec-2] com.example.auth.security.JwtFilter      : Invalid or missing JWT
2026-04-09T09:48:32.836+05:30  INFO 11932 --- [auth-service] [http-nio-8081-exec-2] c.e.auth.controller.AuthController       : Registering user: admi@gmail.com
2026-04-09T09:48:44.858+05:30  WARN 11932 --- [auth-service] [http-nio-8081-exec-3] com.example.auth.security.JwtFilter      : Invalid or missing JWT
2026-04-09T09:48:44.866+05:30  INFO 11932 --- [auth-service] [http-nio-8081-exec-3] c.e.auth.controller.AuthController       : Login attempt for email: admi@gmail.com
2026-04-09T09:48:45.637+05:30  INFO 11932 --- [auth-service] [http-nio-8081-exec-3] c.e.auth.controller.AuthController       : Login successful for: admi@gmail.com
2026-04-09T09:49:14.116+05:30 ERROR 11932 --- [auth-service] [http-nio-8081-exec-4] o.a.c.c.C.[.[.[/].[dispatcherServlet]    : Servlet.service() for servlet [dispatcherServlet] in context with path [] threw exception

io.jsonwebtoken.ExpiredJwtException: JWT expired at 2026-04-08T18:23:25Z. Current time: 2026-04-09T09:49:14Z, a difference of 55549115 milliseconds.  Allowed clock skew: 0 milliseconds.
	at io.jsonwebtoken.impl.DefaultJwtParser.parse(DefaultJwtParser.java:385) ~[jjwt-0.9.1.jar:0.9.1]
	at io.jsonwebtoken.impl.DefaultJwtParser.parse(DefaultJwtParser.java:481) ~[jjwt-0.9.1.jar:0.9.1]
	at io.jsonwebtoken.impl.DefaultJwtParser.parseClaimsJws(DefaultJwtParser.java:541) ~[jjwt-0.9.1.jar:0.9.1]
	at com.example.auth.security.JwtUtil.getClaims(JwtUtil.java:40) ~[classes/:na]
	at com.example.auth.security.JwtUtil.extractUsername(JwtUtil.java:28) ~[classes/:na]
	at com.example.auth.security.JwtFilter.doFilterInternal(JwtFilter.java:47) ~[classes/:na]
	at org.springframework.web.filter.OncePerRequestFilter.doFilter(OncePerRequestFilter.java:116) ~[spring-web-7.0.6.jar:7.0.6]
	at org.springframework.security.web.FilterChainProxy$VirtualFilterChain.doFilter(FilterChainProxy.java:380) ~[spring-security-web-7.0.4.jar:7.0.4]
	at org.springframework.security.web.authentication.logout.LogoutFilter.doFilter(LogoutFilter.java:110) ~[spring-security-web-7.0.4.jar:7.0.4]
	at org.springframework.security.web.authentication.logout.LogoutFilter.doFilter(LogoutFilter.java:96) ~[spring-security-web-7.0.4.jar:7.0.4]
	at org.springframework.security.web.FilterChainProxy$VirtualFilterChain.doFilter(FilterChainProxy.java:380) ~[spring-security-web-7.0.4.jar:7.0.4]
	at org.springframework.security.web.header.HeaderWriterFilter.doHeadersAfter(HeaderWriterFilter.java:90) ~[spring-security-web-7.0.4.jar:7.0.4]
	at org.springframework.security.web.header.HeaderWriterFilter.doFilterInternal(HeaderWriterFilter.java:75) ~[spring-security-web-7.0.4.jar:7.0.4]
	at org.springframework.web.filter.OncePerRequestFilter.doFilter(OncePerRequestFilter.java:116) ~[spring-web-7.0.6.jar:7.0.6]
	at org.springframework.security.web.FilterChainProxy$VirtualFilterChain.doFilter(FilterChainProxy.java:380) ~[spring-security-web-7.0.4.jar:7.0.4]
	at org.springframework.security.web.context.SecurityContextHolderFilter.doFilter(SecurityContextHolderFilter.java:82) ~[spring-security-web-7.0.4.jar:7.0.4]
	at org.springframework.security.web.context.SecurityContextHolderFilter.doFilter(SecurityContextHolderFilter.java:69) ~[spring-security-web-7.0.4.jar:7.0.4]
	at org.springframework.security.web.FilterChainProxy$VirtualFilterChain.doFilter(FilterChainProxy.java:380) ~[spring-security-web-7.0.4.jar:7.0.4]
	at org.springframework.security.web.context.request.async.WebAsyncManagerIntegrationFilter.doFilterInternal(WebAsyncManagerIntegrationFilter.java:62) ~[spring-security-web-7.0.4.jar:7.0.4]
	at org.springframework.web.filter.OncePerRequestFilter.doFilter(OncePerRequestFilter.java:116) ~[spring-web-7.0.6.jar:7.0.6]
	at org.springframework.security.web.FilterChainProxy$VirtualFilterChain.doFilter(FilterChainProxy.java:380) ~[spring-security-web-7.0.4.jar:7.0.4]
	at org.springframework.security.web.session.DisableEncodeUrlFilter.doFilterInternal(DisableEncodeUrlFilter.java:42) ~[spring-security-web-7.0.4.jar:7.0.4]
	at org.springframework.web.filter.OncePerRequestFilter.doFilter(OncePerRequestFilter.java:116) ~[spring-web-7.0.6.jar:7.0.6]
	at org.springframework.security.web.FilterChainProxy$VirtualFilterChain.doFilter(FilterChainProxy.java:380) ~[spring-security-web-7.0.4.jar:7.0.4]
	at org.springframework.security.web.FilterChainProxy.doFilterInternal(FilterChainProxy.java:237) ~[spring-security-web-7.0.4.jar:7.0.4]
	at org.springframework.security.web.FilterChainProxy.doFilter(FilterChainProxy.java:195) ~[spring-security-web-7.0.4.jar:7.0.4]
	at org.springframework.web.filter.CompositeFilter$VirtualFilterChain.doFilter(CompositeFilter.java:113) ~[spring-web-7.0.6.jar:7.0.6]
	at org.springframework.web.filter.ServletRequestPathFilter.doFilter(ServletRequestPathFilter.java:52) ~[spring-web-7.0.6.jar:7.0.6]
	at org.springframework.web.filter.CompositeFilter$VirtualFilterChain.doFilter(CompositeFilter.java:113) ~[spring-web-7.0.6.jar:7.0.6]
	at org.springframework.web.filter.CompositeFilter.doFilter(CompositeFilter.java:74) ~[spring-web-7.0.6.jar:7.0.6]
	at org.springframework.security.config.annotation.web.configuration.WebSecurityConfiguration$CompositeFilterChainProxy.doFilter(WebSecurityConfiguration.java:317) ~[spring-security-config-7.0.4.jar:7.0.4]
	at org.springframework.web.filter.DelegatingFilterProxy.invokeDelegate(DelegatingFilterProxy.java:355) ~[spring-web-7.0.6.jar:7.0.6]
	at org.springframework.web.filter.DelegatingFilterProxy.doFilter(DelegatingFilterProxy.java:272) ~[spring-web-7.0.6.jar:7.0.6]
	at org.apache.catalina.core.ApplicationFilterChain.doFilter(ApplicationFilterChain.java:107) ~[tomcat-embed-core-11.0.20.jar:11.0.20]
	at org.springframework.web.filter.RequestContextFilter.doFilterInternal(RequestContextFilter.java:100) ~[spring-web-7.0.6.jar:7.0.6]
	at org.springframework.web.filter.OncePerRequestFilter.doFilter(OncePerRequestFilter.java:116) ~[spring-web-7.0.6.jar:7.0.6]
	at org.apache.catalina.core.ApplicationFilterChain.doFilter(ApplicationFilterChain.java:107) ~[tomcat-embed-core-11.0.20.jar:11.0.20]
	at org.springframework.web.filter.FormContentFilter.doFilterInternal(FormContentFilter.java:93) ~[spring-web-7.0.6.jar:7.0.6]
	at org.springframework.web.filter.OncePerRequestFilter.doFilter(OncePerRequestFilter.java:116) ~[spring-web-7.0.6.jar:7.0.6]
	at org.apache.catalina.core.ApplicationFilterChain.doFilter(ApplicationFilterChain.java:107) ~[tomcat-embed-core-11.0.20.jar:11.0.20]
	at org.springframework.web.filter.CharacterEncodingFilter.doFilterInternal(CharacterEncodingFilter.java:199) ~[spring-web-7.0.6.jar:7.0.6]
	at org.springframework.web.filter.OncePerRequestFilter.doFilter(OncePerRequestFilter.java:116) ~[spring-web-7.0.6.jar:7.0.6]
	at org.apache.catalina.core.ApplicationFilterChain.doFilter(ApplicationFilterChain.java:107) ~[tomcat-embed-core-11.0.20.jar:11.0.20]
	at org.apache.catalina.core.StandardWrapperValve.invoke(StandardWrapperValve.java:165) ~[tomcat-embed-core-11.0.20.jar:11.0.20]
	at org.apache.catalina.core.StandardContextValve.invoke(StandardContextValve.java:77) ~[tomcat-embed-core-11.0.20.jar:11.0.20]
	at org.apache.catalina.authenticator.AuthenticatorBase.invoke(AuthenticatorBase.java:492) ~[tomcat-embed-core-11.0.20.jar:11.0.20]
	at org.apache.catalina.core.StandardHostValve.invoke(StandardHostValve.java:113) ~[tomcat-embed-core-11.0.20.jar:11.0.20]
	at org.apache.catalina.valves.ErrorReportValve.invoke(ErrorReportValve.java:83) ~[tomcat-embed-core-11.0.20.jar:11.0.20]
	at org.apache.catalina.core.StandardEngineValve.invoke(StandardEngineValve.java:72) ~[tomcat-embed-core-11.0.20.jar:11.0.20]
	at org.apache.catalina.connector.CoyoteAdapter.service(CoyoteAdapter.java:341) ~[tomcat-embed-core-11.0.20.jar:11.0.20]
	at org.apache.coyote.http11.Http11Processor.service(Http11Processor.java:397) ~[tomcat-embed-core-11.0.20.jar:11.0.20]
	at org.apache.coyote.AbstractProcessorLight.process(AbstractProcessorLight.java:63) ~[tomcat-embed-core-11.0.20.jar:11.0.20]
	at org.apache.coyote.AbstractProtocol$ConnectionHandler.process(AbstractProtocol.java:903) ~[tomcat-embed-core-11.0.20.jar:11.0.20]
	at org.apache.tomcat.util.net.NioEndpoint$SocketProcessor.doRun(NioEndpoint.java:1779) ~[tomcat-embed-core-11.0.20.jar:11.0.20]
	at org.apache.tomcat.util.net.SocketProcessorBase.run(SocketProcessorBase.java:52) ~[tomcat-embed-core-11.0.20.jar:11.0.20]
	at org.apache.tomcat.util.threads.ThreadPoolExecutor.runWorker(ThreadPoolExecutor.java:946) ~[tomcat-embed-core-11.0.20.jar:11.0.20]
	at org.apache.tomcat.util.threads.ThreadPoolExecutor$Worker.run(ThreadPoolExecutor.java:480) ~[tomcat-embed-core-11.0.20.jar:11.0.20]
	at org.apache.tomcat.util.threads.TaskThread$WrappingRunnable.run(TaskThread.java:57) ~[tomcat-embed-core-11.0.20.jar:11.0.20]
	at java.base/java.lang.Thread.run(Thread.java:840) ~[na:na]

2026-04-09T09:49:21.678+05:30  INFO 11932 --- [auth-service] [http-nio-8081-exec-5] com.example.auth.security.JwtFilter      : JWT extracted for user: admi@gmail.com
2026-04-09T09:49:21.722+05:30  INFO 11932 --- [auth-service] [http-nio-8081-exec-5] com.example.auth.security.JwtFilter      : User authenticated: admi@gmail.com
2026-04-09T09:50:08.903+05:30  INFO 11932 --- [auth-service] [http-nio-8081-exec-6] com.example.auth.security.JwtFilter      : JWT extracted for user: admi@gmail.com
2026-04-09T09:50:08.908+05:30  INFO 11932 --- [auth-service] [http-nio-8081-exec-6] com.example.auth.security.JwtFilter      : User authenticated: admi@gmail.com
2026-04-09T09:51:21.560+05:30  INFO 11932 --- [auth-service] [http-nio-8081-exec-8] com.example.auth.security.JwtFilter      : JWT extracted for user: admi@gmail.com
2026-04-09T09:51:21.566+05:30  INFO 11932 --- [auth-service] [http-nio-8081-exec-8] com.example.auth.security.JwtFilter      : User authenticated: admi@gmail.com
2026-04-09T09:54:30.716+05:30  INFO 11932 --- [auth-service] [http-nio-8081-exec-10] com.example.auth.security.JwtFilter      : JWT extracted for user: admi@gmail.com
2026-04-09T09:54:30.721+05:30  INFO 11932 --- [auth-service] [http-nio-8081-exec-10] com.example.auth.security.JwtFilter      : User authenticated: admi@gmail.com
2026-04-09T09:54:35.037+05:30  INFO 11932 --- [auth-service] [http-nio-8081-exec-2] com.example.auth.security.JwtFilter      : JWT extracted for user: admi@gmail.com
2026-04-09T09:54:35.046+05:30  INFO 11932 --- [auth-service] [http-nio-8081-exec-2] com.example.auth.security.JwtFilter      : User authenticated: admi@gmail.com
2026-04-09T09:55:00.059+05:30  INFO 11932 --- [auth-service] [RMI TCP Connection(12)-127.0.0.1] inMXBeanRegistrar$SpringApplicationAdmin : Application shutdown requested.
2026-04-09T09:55:00.065+05:30  INFO 11932 --- [auth-service] [RMI TCP Connection(12)-127.0.0.1] o.s.boot.tomcat.GracefulShutdown         : Commencing graceful shutdown. Waiting for active requests to complete
2026-04-09T09:55:00.140+05:30  INFO 11932 --- [auth-service] [tomcat-shutdown] o.s.boot.tomcat.GracefulShutdown         : Graceful shutdown complete
2026-04-09T09:55:00.147+05:30  INFO 11932 --- [auth-service] [RMI TCP Connection(12)-127.0.0.1] j.LocalContainerEntityManagerFactoryBean : Closing JPA EntityManagerFactory for persistence unit 'default'
2026-04-09T09:55:00.150+05:30  INFO 11932 --- [auth-service] [RMI TCP Connection(12)-127.0.0.1] com.zaxxer.hikari.HikariDataSource       : HikariPool-1 - Shutdown initiated...
2026-04-09T09:55:00.156+05:30  INFO 11932 --- [auth-service] [RMI TCP Connection(12)-127.0.0.1] com.zaxxer.hikari.HikariDataSource       : HikariPool-1 - Shutdown completed.
2026-04-09T09:55:03.485+05:30  INFO 6948 --- [auth-service] [main] c.example.auth.AuthServiceApplication    : Starting AuthServiceApplication using Java 17.0.10 with PID 6948 (D:\DemoProjects\SB_basics\DCS\auth-service\target\classes started by Anil Kumar in D:\DemoProjects\SB_basics\DCS\auth-service)
2026-04-09T09:55:03.490+05:30  INFO 6948 --- [auth-service] [main] c.example.auth.AuthServiceApplication    : No active profile set, falling back to 1 default profile: "default"
2026-04-09T09:55:04.480+05:30  INFO 6948 --- [auth-service] [main] .s.d.r.c.RepositoryConfigurationDelegate : Bootstrapping Spring Data JPA repositories in DEFAULT mode.
2026-04-09T09:55:04.549+05:30  INFO 6948 --- [auth-service] [main] .s.d.r.c.RepositoryConfigurationDelegate : Finished Spring Data repository scanning in 56 ms. Found 2 JPA repository interfaces.
2026-04-09T09:55:05.383+05:30  INFO 6948 --- [auth-service] [main] o.s.boot.tomcat.TomcatWebServer          : Tomcat initialized with port 8081 (http)
2026-04-09T09:55:05.400+05:30  INFO 6948 --- [auth-service] [main] o.apache.catalina.core.StandardService   : Starting service [Tomcat]
2026-04-09T09:55:05.401+05:30  INFO 6948 --- [auth-service] [main] o.apache.catalina.core.StandardEngine    : Starting Servlet engine: [Apache Tomcat/11.0.20]
2026-04-09T09:55:05.489+05:30  INFO 6948 --- [auth-service] [main] b.w.c.s.WebApplicationContextInitializer : Root WebApplicationContext: initialization completed in 1935 ms
2026-04-09T09:55:05.688+05:30  INFO 6948 --- [auth-service] [main] org.hibernate.orm.jpa                    : HHH008540: Processing PersistenceUnitInfo [name: default]
2026-04-09T09:55:05.791+05:30  INFO 6948 --- [auth-service] [main] org.hibernate.orm.core                   : HHH000001: Hibernate ORM core version 7.2.7.Final
2026-04-09T09:55:06.516+05:30  INFO 6948 --- [auth-service] [main] o.s.o.j.p.SpringPersistenceUnitInfo      : No LoadTimeWeaver setup: ignoring JPA class transformer
2026-04-09T09:55:06.575+05:30  INFO 6948 --- [auth-service] [main] com.zaxxer.hikari.HikariDataSource       : HikariPool-1 - Starting...
2026-04-09T09:55:06.909+05:30  INFO 6948 --- [auth-service] [main] com.zaxxer.hikari.pool.HikariPool        : HikariPool-1 - Added connection conn0: url=jdbc:h2:mem:testdb user=SA
2026-04-09T09:55:06.913+05:30  INFO 6948 --- [auth-service] [main] com.zaxxer.hikari.HikariDataSource       : HikariPool-1 - Start completed.
2026-04-09T09:55:06.949+05:30  WARN 6948 --- [auth-service] [main] org.hibernate.orm.deprecation            : HHH90000025: H2Dialect does not need to be specified explicitly using 'hibernate.dialect' (remove the property setting and it will be selected by default)
2026-04-09T09:55:06.981+05:30  INFO 6948 --- [auth-service] [main] org.hibernate.orm.connections.pooling    : HHH10001005: Database info:
	Database JDBC URL [jdbc:h2:mem:testdb]
	Database driver: H2 JDBC Driver
	Database dialect: H2Dialect
	Database version: 2.4.240
	Default catalog/schema: TESTDB/PUBLIC
	Autocommit mode: undefined/unknown
	Isolation level: READ_COMMITTED [default READ_COMMITTED]
	JDBC fetch size: 100
	Pool: DataSourceConnectionProvider
	Minimum pool size: undefined/unknown
	Maximum pool size: undefined/unknown
2026-04-09T09:55:08.719+05:30  INFO 6948 --- [auth-service] [main] org.hibernate.orm.core                   : HHH000489: No JTA platform available (set 'hibernate.transaction.jta.platform' to enable JTA platform integration)
2026-04-09T09:55:08.823+05:30  INFO 6948 --- [auth-service] [main] j.LocalContainerEntityManagerFactoryBean : Initialized JPA EntityManagerFactory for persistence unit 'default'
2026-04-09T09:55:08.920+05:30  INFO 6948 --- [auth-service] [main] o.s.d.j.r.query.QueryEnhancerFactories   : Hibernate is in classpath; If applicable, HQL parser will be used.
2026-04-09T09:55:09.434+05:30  WARN 6948 --- [auth-service] [main] JpaBaseConfiguration$JpaWebConfiguration : spring.jpa.open-in-view is enabled by default. Therefore, database queries may be performed during view rendering. Explicitly configure spring.jpa.open-in-view to disable this warning
2026-04-09T09:55:09.553+05:30  INFO 6948 --- [auth-service] [main] r$InitializeUserDetailsManagerConfigurer : Global AuthenticationManager configured with UserDetailsService bean with name customUserDetailsService
2026-04-09T09:55:10.040+05:30  INFO 6948 --- [auth-service] [main] o.s.b.h.a.H2ConsoleAutoConfiguration     : H2 console available at '/h2-console'. Database available at 'jdbc:h2:mem:testdb'
2026-04-09T09:55:10.153+05:30  INFO 6948 --- [auth-service] [main] o.s.boot.tomcat.TomcatWebServer          : Tomcat started on port 8081 (http) with context path '/'
2026-04-09T09:55:10.163+05:30  INFO 6948 --- [auth-service] [main] c.example.auth.AuthServiceApplication    : Started AuthServiceApplication in 7.29 seconds (process running for 8.23)
2026-04-09T09:55:19.481+05:30  INFO 6948 --- [auth-service] [RMI TCP Connection(2)-127.0.0.1] inMXBeanRegistrar$SpringApplicationAdmin : Application shutdown requested.
2026-04-09T09:55:19.487+05:30  INFO 6948 --- [auth-service] [RMI TCP Connection(2)-127.0.0.1] o.s.boot.tomcat.GracefulShutdown         : Commencing graceful shutdown. Waiting for active requests to complete
2026-04-09T09:55:19.586+05:30  INFO 6948 --- [auth-service] [tomcat-shutdown] o.s.boot.tomcat.GracefulShutdown         : Graceful shutdown complete
2026-04-09T09:55:19.592+05:30  INFO 6948 --- [auth-service] [RMI TCP Connection(2)-127.0.0.1] j.LocalContainerEntityManagerFactoryBean : Closing JPA EntityManagerFactory for persistence unit 'default'
2026-04-09T09:55:19.595+05:30  INFO 6948 --- [auth-service] [RMI TCP Connection(2)-127.0.0.1] com.zaxxer.hikari.HikariDataSource       : HikariPool-1 - Shutdown initiated...
2026-04-09T09:55:19.600+05:30  INFO 6948 --- [auth-service] [RMI TCP Connection(2)-127.0.0.1] com.zaxxer.hikari.HikariDataSource       : HikariPool-1 - Shutdown completed.
2026-04-09T09:55:22.623+05:30  INFO 4376 --- [auth-service] [main] c.example.auth.AuthServiceApplication    : Starting AuthServiceApplication using Java 17.0.10 with PID 4376 (D:\DemoProjects\SB_basics\DCS\auth-service\target\classes started by Anil Kumar in D:\DemoProjects\SB_basics\DCS\auth-service)
2026-04-09T09:55:22.629+05:30  INFO 4376 --- [auth-service] [main] c.example.auth.AuthServiceApplication    : No active profile set, falling back to 1 default profile: "default"
2026-04-09T09:55:23.546+05:30  INFO 4376 --- [auth-service] [main] .s.d.r.c.RepositoryConfigurationDelegate : Bootstrapping Spring Data JPA repositories in DEFAULT mode.
2026-04-09T09:55:23.617+05:30  INFO 4376 --- [auth-service] [main] .s.d.r.c.RepositoryConfigurationDelegate : Finished Spring Data repository scanning in 58 ms. Found 2 JPA repository interfaces.
2026-04-09T09:55:24.325+05:30  INFO 4376 --- [auth-service] [main] o.s.boot.tomcat.TomcatWebServer          : Tomcat initialized with port 8081 (http)
2026-04-09T09:55:24.342+05:30  INFO 4376 --- [auth-service] [main] o.apache.catalina.core.StandardService   : Starting service [Tomcat]
2026-04-09T09:55:24.343+05:30  INFO 4376 --- [auth-service] [main] o.apache.catalina.core.StandardEngine    : Starting Servlet engine: [Apache Tomcat/11.0.20]
2026-04-09T09:55:24.429+05:30  INFO 4376 --- [auth-service] [main] b.w.c.s.WebApplicationContextInitializer : Root WebApplicationContext: initialization completed in 1718 ms
2026-04-09T09:55:24.599+05:30  INFO 4376 --- [auth-service] [main] org.hibernate.orm.jpa                    : HHH008540: Processing PersistenceUnitInfo [name: default]
2026-04-09T09:55:24.690+05:30  INFO 4376 --- [auth-service] [main] org.hibernate.orm.core                   : HHH000001: Hibernate ORM core version 7.2.7.Final
2026-04-09T09:55:25.311+05:30  INFO 4376 --- [auth-service] [main] o.s.o.j.p.SpringPersistenceUnitInfo      : No LoadTimeWeaver setup: ignoring JPA class transformer
2026-04-09T09:55:25.358+05:30  INFO 4376 --- [auth-service] [main] com.zaxxer.hikari.HikariDataSource       : HikariPool-1 - Starting...
2026-04-09T09:55:25.707+05:30  INFO 4376 --- [auth-service] [main] com.zaxxer.hikari.pool.HikariPool        : HikariPool-1 - Added connection conn0: url=jdbc:h2:mem:testdb user=SA
2026-04-09T09:55:25.711+05:30  INFO 4376 --- [auth-service] [main] com.zaxxer.hikari.HikariDataSource       : HikariPool-1 - Start completed.
2026-04-09T09:55:25.746+05:30  WARN 4376 --- [auth-service] [main] org.hibernate.orm.deprecation            : HHH90000025: H2Dialect does not need to be specified explicitly using 'hibernate.dialect' (remove the property setting and it will be selected by default)
2026-04-09T09:55:25.781+05:30  INFO 4376 --- [auth-service] [main] org.hibernate.orm.connections.pooling    : HHH10001005: Database info:
	Database JDBC URL [jdbc:h2:mem:testdb]
	Database driver: H2 JDBC Driver
	Database dialect: H2Dialect
	Database version: 2.4.240
	Default catalog/schema: TESTDB/PUBLIC
	Autocommit mode: undefined/unknown
	Isolation level: READ_COMMITTED [default READ_COMMITTED]
	JDBC fetch size: 100
	Pool: DataSourceConnectionProvider
	Minimum pool size: undefined/unknown
	Maximum pool size: undefined/unknown
2026-04-09T09:55:27.096+05:30  INFO 4376 --- [auth-service] [main] org.hibernate.orm.core                   : HHH000489: No JTA platform available (set 'hibernate.transaction.jta.platform' to enable JTA platform integration)
2026-04-09T09:55:27.159+05:30  INFO 4376 --- [auth-service] [main] j.LocalContainerEntityManagerFactoryBean : Initialized JPA EntityManagerFactory for persistence unit 'default'
2026-04-09T09:55:27.252+05:30  INFO 4376 --- [auth-service] [main] o.s.d.j.r.query.QueryEnhancerFactories   : Hibernate is in classpath; If applicable, HQL parser will be used.
2026-04-09T09:55:27.632+05:30  WARN 4376 --- [auth-service] [main] JpaBaseConfiguration$JpaWebConfiguration : spring.jpa.open-in-view is enabled by default. Therefore, database queries may be performed during view rendering. Explicitly configure spring.jpa.open-in-view to disable this warning
2026-04-09T09:55:27.765+05:30  INFO 4376 --- [auth-service] [main] r$InitializeUserDetailsManagerConfigurer : Global AuthenticationManager configured with UserDetailsService bean with name customUserDetailsService
2026-04-09T09:55:28.264+05:30  INFO 4376 --- [auth-service] [main] o.s.b.h.a.H2ConsoleAutoConfiguration     : H2 console available at '/h2-console'. Database available at 'jdbc:h2:mem:testdb'
2026-04-09T09:55:28.399+05:30  INFO 4376 --- [auth-service] [main] o.s.boot.tomcat.TomcatWebServer          : Tomcat started on port 8081 (http) with context path '/'
2026-04-09T09:55:28.409+05:30  INFO 4376 --- [auth-service] [main] c.example.auth.AuthServiceApplication    : Started AuthServiceApplication in 6.414 seconds (process running for 7.405)
2026-04-09T09:55:40.029+05:30  INFO 4376 --- [auth-service] [http-nio-8081-exec-2] o.a.c.c.C.[Tomcat].[localhost].[/]       : Initializing Spring DispatcherServlet 'dispatcherServlet'
2026-04-09T09:55:40.030+05:30  INFO 4376 --- [auth-service] [http-nio-8081-exec-2] o.s.web.servlet.DispatcherServlet        : Initializing Servlet 'dispatcherServlet'
2026-04-09T09:55:40.035+05:30  INFO 4376 --- [auth-service] [http-nio-8081-exec-2] o.s.web.servlet.DispatcherServlet        : Completed initialization in 3 ms
2026-04-09T09:55:40.059+05:30  WARN 4376 --- [auth-service] [http-nio-8081-exec-2] com.example.auth.security.JwtFilter      : Invalid or missing JWT
2026-04-09T09:55:40.222+05:30  INFO 4376 --- [auth-service] [http-nio-8081-exec-2] c.e.auth.controller.AuthController       : Login attempt for email: admi@gmail.com
2026-04-09T09:55:40.781+05:30 ERROR 4376 --- [auth-service] [http-nio-8081-exec-2] c.e.auth.controller.AuthController       : User not found: admi@gmail.com
2026-04-09T09:55:47.679+05:30  WARN 4376 --- [auth-service] [http-nio-8081-exec-4] com.example.auth.security.JwtFilter      : Invalid or missing JWT
2026-04-09T09:55:47.694+05:30  INFO 4376 --- [auth-service] [http-nio-8081-exec-4] c.e.auth.controller.AuthController       : Registering user: admi@gmail.com
2026-04-09T09:55:50.565+05:30  WARN 4376 --- [auth-service] [http-nio-8081-exec-5] com.example.auth.security.JwtFilter      : Invalid or missing JWT
2026-04-09T09:55:50.567+05:30  INFO 4376 --- [auth-service] [http-nio-8081-exec-5] c.e.auth.controller.AuthController       : Login attempt for email: admi@gmail.com
2026-04-09T09:55:50.811+05:30  INFO 4376 --- [auth-service] [http-nio-8081-exec-5] c.e.auth.controller.AuthController       : Login successful for: admi@gmail.com
2026-04-09T09:56:04.306+05:30  INFO 4376 --- [auth-service] [http-nio-8081-exec-6] com.example.auth.security.JwtFilter      : JWT extracted for user: admi@gmail.com
2026-04-09T09:56:04.361+05:30  INFO 4376 --- [auth-service] [http-nio-8081-exec-6] com.example.auth.security.JwtFilter      : User authenticated: admi@gmail.com
2026-04-09T09:56:33.616+05:30  INFO 4376 --- [auth-service] [http-nio-8081-exec-8] com.example.auth.security.JwtFilter      : JWT extracted for user: admi@gmail.com
2026-04-09T09:56:33.624+05:30  INFO 4376 --- [auth-service] [http-nio-8081-exec-8] com.example.auth.security.JwtFilter      : User authenticated: admi@gmail.com
2026-04-09T09:56:56.444+05:30  INFO 4376 --- [auth-service] [http-nio-8081-exec-10] com.example.auth.security.JwtFilter      : JWT extracted for user: admi@gmail.com
2026-04-09T09:56:56.451+05:30  INFO 4376 --- [auth-service] [http-nio-8081-exec-10] com.example.auth.security.JwtFilter      : User authenticated: admi@gmail.com
2026-04-09T09:58:16.605+05:30  INFO 4376 --- [auth-service] [http-nio-8081-exec-2] com.example.auth.security.JwtFilter      : JWT extracted for user: admi@gmail.com
2026-04-09T09:58:16.611+05:30  INFO 4376 --- [auth-service] [http-nio-8081-exec-2] com.example.auth.security.JwtFilter      : User authenticated: admi@gmail.com
2026-04-09T09:59:01.302+05:30  INFO 4376 --- [auth-service] [http-nio-8081-exec-4] com.example.auth.security.JwtFilter      : JWT extracted for user: admi@gmail.com
2026-04-09T09:59:01.308+05:30  INFO 4376 --- [auth-service] [http-nio-8081-exec-4] com.example.auth.security.JwtFilter      : User authenticated: admi@gmail.com
2026-04-09T10:02:06.501+05:30  INFO 4376 --- [auth-service] [RMI TCP Connection(9)-127.0.0.1] inMXBeanRegistrar$SpringApplicationAdmin : Application shutdown requested.
2026-04-09T10:02:06.508+05:30  INFO 4376 --- [auth-service] [RMI TCP Connection(9)-127.0.0.1] o.s.boot.tomcat.GracefulShutdown         : Commencing graceful shutdown. Waiting for active requests to complete
2026-04-09T10:02:06.809+05:30  INFO 4376 --- [auth-service] [tomcat-shutdown] o.s.boot.tomcat.GracefulShutdown         : Graceful shutdown complete
2026-04-09T10:02:06.819+05:30  INFO 4376 --- [auth-service] [RMI TCP Connection(9)-127.0.0.1] j.LocalContainerEntityManagerFactoryBean : Closing JPA EntityManagerFactory for persistence unit 'default'
2026-04-09T10:02:06.823+05:30  INFO 4376 --- [auth-service] [RMI TCP Connection(9)-127.0.0.1] com.zaxxer.hikari.HikariDataSource       : HikariPool-1 - Shutdown initiated...
2026-04-09T10:02:06.831+05:30  INFO 4376 --- [auth-service] [RMI TCP Connection(9)-127.0.0.1] com.zaxxer.hikari.HikariDataSource       : HikariPool-1 - Shutdown completed.
2026-04-09T10:02:09.795+05:30  INFO 10536 --- [auth-service] [main] c.example.auth.AuthServiceApplication    : Starting AuthServiceApplication using Java 17.0.10 with PID 10536 (D:\DemoProjects\SB_basics\DCS\auth-service\target\classes started by Anil Kumar in D:\DemoProjects\SB_basics\DCS\auth-service)
2026-04-09T10:02:09.801+05:30  INFO 10536 --- [auth-service] [main] c.example.auth.AuthServiceApplication    : No active profile set, falling back to 1 default profile: "default"
2026-04-09T10:02:10.743+05:30  INFO 10536 --- [auth-service] [main] .s.d.r.c.RepositoryConfigurationDelegate : Bootstrapping Spring Data JPA repositories in DEFAULT mode.
2026-04-09T10:02:10.814+05:30  INFO 10536 --- [auth-service] [main] .s.d.r.c.RepositoryConfigurationDelegate : Finished Spring Data repository scanning in 57 ms. Found 2 JPA repository interfaces.
2026-04-09T10:02:11.511+05:30  INFO 10536 --- [auth-service] [main] o.s.boot.tomcat.TomcatWebServer          : Tomcat initialized with port 8081 (http)
2026-04-09T10:02:11.529+05:30  INFO 10536 --- [auth-service] [main] o.apache.catalina.core.StandardService   : Starting service [Tomcat]
2026-04-09T10:02:11.530+05:30  INFO 10536 --- [auth-service] [main] o.apache.catalina.core.StandardEngine    : Starting Servlet engine: [Apache Tomcat/11.0.20]
2026-04-09T10:02:11.619+05:30  INFO 10536 --- [auth-service] [main] b.w.c.s.WebApplicationContextInitializer : Root WebApplicationContext: initialization completed in 1737 ms
2026-04-09T10:02:11.807+05:30  INFO 10536 --- [auth-service] [main] org.hibernate.orm.jpa                    : HHH008540: Processing PersistenceUnitInfo [name: default]
2026-04-09T10:02:11.891+05:30  INFO 10536 --- [auth-service] [main] org.hibernate.orm.core                   : HHH000001: Hibernate ORM core version 7.2.7.Final
2026-04-09T10:02:12.513+05:30  INFO 10536 --- [auth-service] [main] o.s.o.j.p.SpringPersistenceUnitInfo      : No LoadTimeWeaver setup: ignoring JPA class transformer
2026-04-09T10:02:12.560+05:30  INFO 10536 --- [auth-service] [main] com.zaxxer.hikari.HikariDataSource       : HikariPool-1 - Starting...
2026-04-09T10:02:12.931+05:30  INFO 10536 --- [auth-service] [main] com.zaxxer.hikari.pool.HikariPool        : HikariPool-1 - Added connection conn0: url=jdbc:h2:mem:testdb user=SA
2026-04-09T10:02:12.933+05:30  INFO 10536 --- [auth-service] [main] com.zaxxer.hikari.HikariDataSource       : HikariPool-1 - Start completed.
2026-04-09T10:02:12.969+05:30  WARN 10536 --- [auth-service] [main] org.hibernate.orm.deprecation            : HHH90000025: H2Dialect does not need to be specified explicitly using 'hibernate.dialect' (remove the property setting and it will be selected by default)
2026-04-09T10:02:13.006+05:30  INFO 10536 --- [auth-service] [main] org.hibernate.orm.connections.pooling    : HHH10001005: Database info:
	Database JDBC URL [jdbc:h2:mem:testdb]
	Database driver: H2 JDBC Driver
	Database dialect: H2Dialect
	Database version: 2.4.240
	Default catalog/schema: TESTDB/PUBLIC
	Autocommit mode: undefined/unknown
	Isolation level: READ_COMMITTED [default READ_COMMITTED]
	JDBC fetch size: 100
	Pool: DataSourceConnectionProvider
	Minimum pool size: undefined/unknown
	Maximum pool size: undefined/unknown
2026-04-09T10:02:14.380+05:30  INFO 10536 --- [auth-service] [main] org.hibernate.orm.core                   : HHH000489: No JTA platform available (set 'hibernate.transaction.jta.platform' to enable JTA platform integration)
2026-04-09T10:02:14.444+05:30  INFO 10536 --- [auth-service] [main] j.LocalContainerEntityManagerFactoryBean : Initialized JPA EntityManagerFactory for persistence unit 'default'
2026-04-09T10:02:14.531+05:30  INFO 10536 --- [auth-service] [main] o.s.d.j.r.query.QueryEnhancerFactories   : Hibernate is in classpath; If applicable, HQL parser will be used.
2026-04-09T10:02:14.942+05:30  WARN 10536 --- [auth-service] [main] JpaBaseConfiguration$JpaWebConfiguration : spring.jpa.open-in-view is enabled by default. Therefore, database queries may be performed during view rendering. Explicitly configure spring.jpa.open-in-view to disable this warning
2026-04-09T10:02:15.054+05:30  INFO 10536 --- [auth-service] [main] r$InitializeUserDetailsManagerConfigurer : Global AuthenticationManager configured with UserDetailsService bean with name customUserDetailsService
2026-04-09T10:02:15.562+05:30  INFO 10536 --- [auth-service] [main] o.s.b.h.a.H2ConsoleAutoConfiguration     : H2 console available at '/h2-console'. Database available at 'jdbc:h2:mem:testdb'
2026-04-09T10:02:15.608+05:30  INFO 10536 --- [auth-service] [RMI TCP Connection(2)-127.0.0.1] inMXBeanRegistrar$SpringApplicationAdmin : Application shutdown requested.
2026-04-09T10:02:15.696+05:30  INFO 10536 --- [auth-service] [main] o.s.boot.tomcat.TomcatWebServer          : Tomcat started on port 8081 (http) with context path '/'
2026-04-09T10:02:15.708+05:30  INFO 10536 --- [auth-service] [main] c.example.auth.AuthServiceApplication    : Started AuthServiceApplication in 6.558 seconds (process running for 7.532)
2026-04-09T10:02:15.712+05:30  INFO 10536 --- [auth-service] [RMI TCP Connection(2)-127.0.0.1] o.s.boot.tomcat.GracefulShutdown         : Commencing graceful shutdown. Waiting for active requests to complete
2026-04-09T10:02:15.803+05:30  INFO 10536 --- [auth-service] [tomcat-shutdown] o.s.boot.tomcat.GracefulShutdown         : Graceful shutdown complete
2026-04-09T10:02:15.810+05:30  INFO 10536 --- [auth-service] [RMI TCP Connection(2)-127.0.0.1] j.LocalContainerEntityManagerFactoryBean : Closing JPA EntityManagerFactory for persistence unit 'default'
2026-04-09T10:02:15.813+05:30  INFO 10536 --- [auth-service] [RMI TCP Connection(2)-127.0.0.1] com.zaxxer.hikari.HikariDataSource       : HikariPool-1 - Shutdown initiated...
2026-04-09T10:02:15.818+05:30  INFO 10536 --- [auth-service] [RMI TCP Connection(2)-127.0.0.1] com.zaxxer.hikari.HikariDataSource       : HikariPool-1 - Shutdown completed.
2026-04-09T10:02:18.732+05:30  INFO 11724 --- [auth-service] [main] c.example.auth.AuthServiceApplication    : Starting AuthServiceApplication using Java 17.0.10 with PID 11724 (D:\DemoProjects\SB_basics\DCS\auth-service\target\classes started by Anil Kumar in D:\DemoProjects\SB_basics\DCS\auth-service)
2026-04-09T10:02:18.738+05:30  INFO 11724 --- [auth-service] [main] c.example.auth.AuthServiceApplication    : No active profile set, falling back to 1 default profile: "default"
2026-04-09T10:02:19.633+05:30  INFO 11724 --- [auth-service] [main] .s.d.r.c.RepositoryConfigurationDelegate : Bootstrapping Spring Data JPA repositories in DEFAULT mode.
2026-04-09T10:02:19.702+05:30  INFO 11724 --- [auth-service] [main] .s.d.r.c.RepositoryConfigurationDelegate : Finished Spring Data repository scanning in 55 ms. Found 2 JPA repository interfaces.
2026-04-09T10:02:20.376+05:30  INFO 11724 --- [auth-service] [main] o.s.boot.tomcat.TomcatWebServer          : Tomcat initialized with port 8081 (http)
2026-04-09T10:02:20.393+05:30  INFO 11724 --- [auth-service] [main] o.apache.catalina.core.StandardService   : Starting service [Tomcat]
2026-04-09T10:02:20.394+05:30  INFO 11724 --- [auth-service] [main] o.apache.catalina.core.StandardEngine    : Starting Servlet engine: [Apache Tomcat/11.0.20]
2026-04-09T10:02:20.477+05:30  INFO 11724 --- [auth-service] [main] b.w.c.s.WebApplicationContextInitializer : Root WebApplicationContext: initialization completed in 1663 ms
2026-04-09T10:02:20.634+05:30  INFO 11724 --- [auth-service] [main] org.hibernate.orm.jpa                    : HHH008540: Processing PersistenceUnitInfo [name: default]
2026-04-09T10:02:20.718+05:30  INFO 11724 --- [auth-service] [main] org.hibernate.orm.core                   : HHH000001: Hibernate ORM core version 7.2.7.Final
2026-04-09T10:02:21.314+05:30  INFO 11724 --- [auth-service] [main] o.s.o.j.p.SpringPersistenceUnitInfo      : No LoadTimeWeaver setup: ignoring JPA class transformer
2026-04-09T10:02:21.364+05:30  INFO 11724 --- [auth-service] [main] com.zaxxer.hikari.HikariDataSource       : HikariPool-1 - Starting...
2026-04-09T10:02:21.704+05:30  INFO 11724 --- [auth-service] [main] com.zaxxer.hikari.pool.HikariPool        : HikariPool-1 - Added connection conn0: url=jdbc:h2:mem:testdb user=SA
2026-04-09T10:02:21.707+05:30  INFO 11724 --- [auth-service] [main] com.zaxxer.hikari.HikariDataSource       : HikariPool-1 - Start completed.
2026-04-09T10:02:21.742+05:30  WARN 11724 --- [auth-service] [main] org.hibernate.orm.deprecation            : HHH90000025: H2Dialect does not need to be specified explicitly using 'hibernate.dialect' (remove the property setting and it will be selected by default)
2026-04-09T10:02:21.778+05:30  INFO 11724 --- [auth-service] [main] org.hibernate.orm.connections.pooling    : HHH10001005: Database info:
	Database JDBC URL [jdbc:h2:mem:testdb]
	Database driver: H2 JDBC Driver
	Database dialect: H2Dialect
	Database version: 2.4.240
	Default catalog/schema: TESTDB/PUBLIC
	Autocommit mode: undefined/unknown
	Isolation level: READ_COMMITTED [default READ_COMMITTED]
	JDBC fetch size: 100
	Pool: DataSourceConnectionProvider
	Minimum pool size: undefined/unknown
	Maximum pool size: undefined/unknown
2026-04-09T10:02:23.105+05:30  INFO 11724 --- [auth-service] [main] org.hibernate.orm.core                   : HHH000489: No JTA platform available (set 'hibernate.transaction.jta.platform' to enable JTA platform integration)
2026-04-09T10:02:23.163+05:30  INFO 11724 --- [auth-service] [main] j.LocalContainerEntityManagerFactoryBean : Initialized JPA EntityManagerFactory for persistence unit 'default'
2026-04-09T10:02:23.244+05:30  INFO 11724 --- [auth-service] [main] o.s.d.j.r.query.QueryEnhancerFactories   : Hibernate is in classpath; If applicable, HQL parser will be used.
2026-04-09T10:02:23.602+05:30  WARN 11724 --- [auth-service] [main] JpaBaseConfiguration$JpaWebConfiguration : spring.jpa.open-in-view is enabled by default. Therefore, database queries may be performed during view rendering. Explicitly configure spring.jpa.open-in-view to disable this warning
2026-04-09T10:02:23.719+05:30  INFO 11724 --- [auth-service] [main] r$InitializeUserDetailsManagerConfigurer : Global AuthenticationManager configured with UserDetailsService bean with name customUserDetailsService
2026-04-09T10:02:24.204+05:30  INFO 11724 --- [auth-service] [main] o.s.b.h.a.H2ConsoleAutoConfiguration     : H2 console available at '/h2-console'. Database available at 'jdbc:h2:mem:testdb'
2026-04-09T10:02:24.322+05:30  INFO 11724 --- [auth-service] [main] o.s.boot.tomcat.TomcatWebServer          : Tomcat started on port 8081 (http) with context path '/'
2026-04-09T10:02:24.332+05:30  INFO 11724 --- [auth-service] [main] c.example.auth.AuthServiceApplication    : Started AuthServiceApplication in 6.194 seconds (process running for 7.325)
2026-04-09T10:02:33.664+05:30  INFO 11724 --- [auth-service] [http-nio-8081-exec-2] o.a.c.c.C.[Tomcat].[localhost].[/]       : Initializing Spring DispatcherServlet 'dispatcherServlet'
2026-04-09T10:02:33.664+05:30  INFO 11724 --- [auth-service] [http-nio-8081-exec-2] o.s.web.servlet.DispatcherServlet        : Initializing Servlet 'dispatcherServlet'
2026-04-09T10:02:33.667+05:30  INFO 11724 --- [auth-service] [http-nio-8081-exec-2] o.s.web.servlet.DispatcherServlet        : Completed initialization in 1 ms
2026-04-09T10:02:33.688+05:30  WARN 11724 --- [auth-service] [http-nio-8081-exec-2] com.example.auth.security.JwtFilter      : Invalid or missing JWT
2026-04-09T10:02:33.847+05:30  INFO 11724 --- [auth-service] [http-nio-8081-exec-2] c.e.auth.controller.AuthController       : Registering user: admi@gmail.com
2026-04-09T10:02:41.276+05:30  WARN 11724 --- [auth-service] [http-nio-8081-exec-3] com.example.auth.security.JwtFilter      : Invalid or missing JWT
2026-04-09T10:02:41.280+05:30  INFO 11724 --- [auth-service] [http-nio-8081-exec-3] c.e.auth.controller.AuthController       : Login attempt for email: admi@gmail.com
2026-04-09T10:02:42.236+05:30  INFO 11724 --- [auth-service] [http-nio-8081-exec-3] c.e.auth.controller.AuthController       : Login successful for: admi@gmail.com
2026-04-09T10:03:03.433+05:30  INFO 11724 --- [auth-service] [http-nio-8081-exec-4] com.example.auth.security.JwtFilter      : JWT extracted for user: admi@gmail.com
2026-04-09T10:03:03.477+05:30  INFO 11724 --- [auth-service] [http-nio-8081-exec-4] com.example.auth.security.JwtFilter      : User authenticated: admi@gmail.com
2026-04-09T10:13:58.400+05:30  INFO 11724 --- [auth-service] [RMI TCP Connection(16)-127.0.0.1] inMXBeanRegistrar$SpringApplicationAdmin : Application shutdown requested.
2026-04-09T10:13:58.406+05:30  INFO 11724 --- [auth-service] [RMI TCP Connection(16)-127.0.0.1] o.s.boot.tomcat.GracefulShutdown         : Commencing graceful shutdown. Waiting for active requests to complete
2026-04-09T10:13:58.485+05:30  INFO 11724 --- [auth-service] [tomcat-shutdown] o.s.boot.tomcat.GracefulShutdown         : Graceful shutdown complete
2026-04-09T10:13:58.491+05:30  INFO 11724 --- [auth-service] [RMI TCP Connection(16)-127.0.0.1] j.LocalContainerEntityManagerFactoryBean : Closing JPA EntityManagerFactory for persistence unit 'default'
2026-04-09T10:13:58.495+05:30  INFO 11724 --- [auth-service] [RMI TCP Connection(16)-127.0.0.1] com.zaxxer.hikari.HikariDataSource       : HikariPool-1 - Shutdown initiated...
2026-04-09T10:13:58.500+05:30  INFO 11724 --- [auth-service] [RMI TCP Connection(16)-127.0.0.1] com.zaxxer.hikari.HikariDataSource       : HikariPool-1 - Shutdown completed.
2026-04-09 10:36:49 - Starting AuthServiceApplication using Java 17.0.10 with PID 10048 (D:\DemoProjects\SB_basics\DCS\auth-service\target\classes started by Anil Kumar in D:\DemoProjects\SB_basics\DCS\auth-service)
2026-04-09 10:36:49 - No active profile set, falling back to 1 default profile: "default"
2026-04-09 10:36:51 - Bootstrapping Spring Data JPA repositories in DEFAULT mode.
2026-04-09 10:36:51 - Finished Spring Data repository scanning in 56 ms. Found 2 JPA repository interfaces.
2026-04-09 10:36:51 - BeanFactory id=fff658ba-7837-3169-9719-aeca9ad1694e
2026-04-09 10:36:51 - Tomcat initialized with port 8081 (http)
2026-04-09 10:36:51 - Starting service [Tomcat]
2026-04-09 10:36:51 - Starting Servlet engine: [Apache Tomcat/11.0.20]
2026-04-09 10:36:51 - Root WebApplicationContext: initialization completed in 1957 ms
2026-04-09 10:36:52 - HHH008540: Processing PersistenceUnitInfo [name: default]
2026-04-09 10:36:52 - HHH000001: Hibernate ORM core version 7.2.7.Final
2026-04-09 10:36:52 - No LoadTimeWeaver setup: ignoring JPA class transformer
2026-04-09 10:36:52 - HikariPool-1 - Starting...
2026-04-09 10:36:53 - HikariPool-1 - Added connection conn0: url=jdbc:h2:mem:authdb user=SA
2026-04-09 10:36:53 - HikariPool-1 - Start completed.
2026-04-09 10:36:53 - HHH10001005: Database info:
	Database JDBC URL [jdbc:h2:mem:authdb]
	Database driver: H2 JDBC Driver
	Database dialect: H2Dialect
	Database version: 2.4.240
	Default catalog/schema: AUTHDB/PUBLIC
	Autocommit mode: undefined/unknown
	Isolation level: READ_COMMITTED [default READ_COMMITTED]
	JDBC fetch size: 100
	Pool: DataSourceConnectionProvider
	Minimum pool size: undefined/unknown
	Maximum pool size: undefined/unknown
2026-04-09 10:36:54 - HHH000489: No JTA platform available (set 'hibernate.transaction.jta.platform' to enable JTA platform integration)
2026-04-09 10:36:54 - Initialized JPA EntityManagerFactory for persistence unit 'default'
2026-04-09 10:36:54 - Hibernate is in classpath; If applicable, HQL parser will be used.
2026-04-09 10:36:55 - spring.jpa.open-in-view is enabled by default. Therefore, database queries may be performed during view rendering. Explicitly configure spring.jpa.open-in-view to disable this warning
2026-04-09 10:36:55 - Global AuthenticationManager configured with UserDetailsService bean with name customUserDetailsService
2026-04-09 10:36:55 - H2 console available at '/h2-console'. Database available at 'jdbc:h2:mem:authdb'
2026-04-09 10:36:56 - Cannot determine local hostname
2026-04-09 10:36:57 - Tomcat started on port 8081 (http) with context path '/'
2026-04-09 10:36:58 - Cannot determine local hostname
2026-04-09 10:36:58 - Started AuthServiceApplication in 9.991 seconds (process running for 11.139)
2026-04-09 10:37:32 - Initializing Spring DispatcherServlet 'dispatcherServlet'
2026-04-09 10:37:32 - Initializing Servlet 'dispatcherServlet'
2026-04-09 10:37:32 - Completed initialization in 3 ms
2026-04-09 10:37:32 - Invalid or missing JWT
2026-04-09 10:37:32 - Registering user: admi@gmail.com
2026-04-09 10:37:39 - Invalid or missing JWT
2026-04-09 10:37:39 - Login attempt for email: admi@gmail.com
2026-04-09 10:38:55 - Invalid or missing JWT
2026-04-09 10:38:55 - Login attempt for email: admi@gmail.com
2026-04-09 10:39:56 - Application shutdown requested.
2026-04-09 10:39:56 - Commencing graceful shutdown. Waiting for active requests to complete
2026-04-09 10:39:56 - Graceful shutdown complete
2026-04-09 10:39:56 - Closing JPA EntityManagerFactory for persistence unit 'default'
2026-04-09 10:39:56 - HikariPool-1 - Shutdown initiated...
2026-04-09 10:39:56 - HikariPool-1 - Shutdown completed.
2026-04-09 10:40:32 - Starting AuthServiceApplication using Java 17.0.10 with PID 16620 (D:\DemoProjects\SB_basics\DCS\auth-service\target\classes started by Anil Kumar in D:\DemoProjects\SB_basics\DCS\auth-service)
2026-04-09 10:40:32 - No active profile set, falling back to 1 default profile: "default"
2026-04-09 10:40:33 - Bootstrapping Spring Data JPA repositories in DEFAULT mode.
2026-04-09 10:40:33 - Finished Spring Data repository scanning in 54 ms. Found 2 JPA repository interfaces.
2026-04-09 10:40:33 - BeanFactory id=fff658ba-7837-3169-9719-aeca9ad1694e
2026-04-09 10:40:34 - Tomcat initialized with port 8081 (http)
2026-04-09 10:40:34 - Starting service [Tomcat]
2026-04-09 10:40:34 - Starting Servlet engine: [Apache Tomcat/11.0.20]
2026-04-09 10:40:34 - Root WebApplicationContext: initialization completed in 1808 ms
2026-04-09 10:40:34 - HHH008540: Processing PersistenceUnitInfo [name: default]
2026-04-09 10:40:34 - HHH000001: Hibernate ORM core version 7.2.7.Final
2026-04-09 10:40:35 - No LoadTimeWeaver setup: ignoring JPA class transformer
2026-04-09 10:40:35 - HikariPool-1 - Starting...
2026-04-09 10:40:35 - HikariPool-1 - Added connection conn0: url=jdbc:h2:mem:authdb user=SA
2026-04-09 10:40:35 - HikariPool-1 - Start completed.
2026-04-09 10:40:35 - HHH10001005: Database info:
	Database JDBC URL [jdbc:h2:mem:authdb]
	Database driver: H2 JDBC Driver
	Database dialect: H2Dialect
	Database version: 2.4.240
	Default catalog/schema: AUTHDB/PUBLIC
	Autocommit mode: undefined/unknown
	Isolation level: READ_COMMITTED [default READ_COMMITTED]
	JDBC fetch size: 100
	Pool: DataSourceConnectionProvider
	Minimum pool size: undefined/unknown
	Maximum pool size: undefined/unknown
2026-04-09 10:40:37 - HHH000489: No JTA platform available (set 'hibernate.transaction.jta.platform' to enable JTA platform integration)
2026-04-09 10:40:37 - Initialized JPA EntityManagerFactory for persistence unit 'default'
2026-04-09 10:40:37 - Hibernate is in classpath; If applicable, HQL parser will be used.
2026-04-09 10:40:37 - spring.jpa.open-in-view is enabled by default. Therefore, database queries may be performed during view rendering. Explicitly configure spring.jpa.open-in-view to disable this warning
2026-04-09 10:40:37 - Global AuthenticationManager configured with UserDetailsService bean with name customUserDetailsService
2026-04-09 10:40:38 - H2 console available at '/h2-console'. Database available at 'jdbc:h2:mem:authdb'
2026-04-09 10:40:39 - Cannot determine local hostname
2026-04-09 10:40:39 - Tomcat started on port 8081 (http) with context path '/'
2026-04-09 10:40:40 - Cannot determine local hostname
2026-04-09 10:40:40 - Started AuthServiceApplication in 10.052 seconds (process running for 11.2)
2026-04-09 10:41:09 - Initializing Spring DispatcherServlet 'dispatcherServlet'
2026-04-09 10:41:09 - Initializing Servlet 'dispatcherServlet'
2026-04-09 10:41:09 - Completed initialization in 3 ms
2026-04-09 10:41:09 - Invalid or missing JWT
2026-04-09 10:41:10 - Registering user: admi@gmail.com
2026-04-09 10:41:13 - Invalid or missing JWT
2026-04-09 10:41:13 - Login attempt for email: admi@gmail.com
2026-04-09 10:41:14 - Login successful for: admi@gmail.com
2026-04-09 10:41:26 - Servlet.service() for servlet [dispatcherServlet] in context with path [] threw exception
io.jsonwebtoken.security.SignatureException: JWT signature does not match locally computed signature. JWT validity cannot be asserted and should not be trusted.
	at io.jsonwebtoken.impl.DefaultJwtParser.parse(DefaultJwtParser.java:399)
	at io.jsonwebtoken.impl.DefaultJwtParser.parse(DefaultJwtParser.java:529)
	at io.jsonwebtoken.impl.DefaultJwtParser.parseClaimsJws(DefaultJwtParser.java:589)
	at io.jsonwebtoken.impl.ImmutableJwtParser.parseClaimsJws(ImmutableJwtParser.java:173)
	at com.example.auth.security.JwtUtil.getClaims(JwtUtil.java:41)
	at com.example.auth.security.JwtUtil.extractUsername(JwtUtil.java:28)
	at com.example.auth.security.JwtFilter.doFilterInternal(JwtFilter.java:47)
	at org.springframework.web.filter.OncePerRequestFilter.doFilter(OncePerRequestFilter.java:116)
	at org.springframework.security.web.FilterChainProxy$VirtualFilterChain.doFilter(FilterChainProxy.java:380)
	at org.springframework.security.web.authentication.logout.LogoutFilter.doFilter(LogoutFilter.java:110)
	at org.springframework.security.web.authentication.logout.LogoutFilter.doFilter(LogoutFilter.java:96)
	at org.springframework.security.web.FilterChainProxy$VirtualFilterChain.doFilter(FilterChainProxy.java:380)
	at org.springframework.security.web.header.HeaderWriterFilter.doHeadersAfter(HeaderWriterFilter.java:90)
	at org.springframework.security.web.header.HeaderWriterFilter.doFilterInternal(HeaderWriterFilter.java:75)
	at org.springframework.web.filter.OncePerRequestFilter.doFilter(OncePerRequestFilter.java:116)
	at org.springframework.security.web.FilterChainProxy$VirtualFilterChain.doFilter(FilterChainProxy.java:380)
	at org.springframework.security.web.context.SecurityContextHolderFilter.doFilter(SecurityContextHolderFilter.java:82)
	at org.springframework.security.web.context.SecurityContextHolderFilter.doFilter(SecurityContextHolderFilter.java:69)
	at org.springframework.security.web.FilterChainProxy$VirtualFilterChain.doFilter(FilterChainProxy.java:380)
	at org.springframework.security.web.context.request.async.WebAsyncManagerIntegrationFilter.doFilterInternal(WebAsyncManagerIntegrationFilter.java:62)
	at org.springframework.web.filter.OncePerRequestFilter.doFilter(OncePerRequestFilter.java:116)
	at org.springframework.security.web.FilterChainProxy$VirtualFilterChain.doFilter(FilterChainProxy.java:380)
	at org.springframework.security.web.session.DisableEncodeUrlFilter.doFilterInternal(DisableEncodeUrlFilter.java:42)
	at org.springframework.web.filter.OncePerRequestFilter.doFilter(OncePerRequestFilter.java:116)
	at org.springframework.security.web.FilterChainProxy$VirtualFilterChain.doFilter(FilterChainProxy.java:380)
	at org.springframework.security.web.FilterChainProxy.doFilterInternal(FilterChainProxy.java:237)
	at org.springframework.security.web.FilterChainProxy.doFilter(FilterChainProxy.java:195)
	at org.springframework.web.filter.CompositeFilter$VirtualFilterChain.doFilter(CompositeFilter.java:113)
	at org.springframework.web.filter.ServletRequestPathFilter.doFilter(ServletRequestPathFilter.java:52)
	at org.springframework.web.filter.CompositeFilter$VirtualFilterChain.doFilter(CompositeFilter.java:113)
	at org.springframework.web.filter.CompositeFilter.doFilter(CompositeFilter.java:74)
	at org.springframework.security.config.annotation.web.configuration.WebSecurityConfiguration$CompositeFilterChainProxy.doFilter(WebSecurityConfiguration.java:317)
	at org.springframework.web.filter.DelegatingFilterProxy.invokeDelegate(DelegatingFilterProxy.java:355)
	at org.springframework.web.filter.DelegatingFilterProxy.doFilter(DelegatingFilterProxy.java:272)
	at org.apache.catalina.core.ApplicationFilterChain.doFilter(ApplicationFilterChain.java:107)
	at org.springframework.web.filter.RequestContextFilter.doFilterInternal(RequestContextFilter.java:100)
	at org.springframework.web.filter.OncePerRequestFilter.doFilter(OncePerRequestFilter.java:116)
	at org.apache.catalina.core.ApplicationFilterChain.doFilter(ApplicationFilterChain.java:107)
	at org.springframework.web.filter.FormContentFilter.doFilterInternal(FormContentFilter.java:93)
	at org.springframework.web.filter.OncePerRequestFilter.doFilter(OncePerRequestFilter.java:116)
	at org.apache.catalina.core.ApplicationFilterChain.doFilter(ApplicationFilterChain.java:107)
	at org.springframework.web.filter.CharacterEncodingFilter.doFilterInternal(CharacterEncodingFilter.java:199)
	at org.springframework.web.filter.OncePerRequestFilter.doFilter(OncePerRequestFilter.java:116)
	at org.apache.catalina.core.ApplicationFilterChain.doFilter(ApplicationFilterChain.java:107)
	at org.apache.catalina.core.StandardWrapperValve.invoke(StandardWrapperValve.java:165)
	at org.apache.catalina.core.StandardContextValve.invoke(StandardContextValve.java:77)
	at org.apache.catalina.authenticator.AuthenticatorBase.invoke(AuthenticatorBase.java:492)
	at org.apache.catalina.core.StandardHostValve.invoke(StandardHostValve.java:113)
	at org.apache.catalina.valves.ErrorReportValve.invoke(ErrorReportValve.java:83)
	at org.apache.catalina.core.StandardEngineValve.invoke(StandardEngineValve.java:72)
	at org.apache.catalina.connector.CoyoteAdapter.service(CoyoteAdapter.java:341)
	at org.apache.coyote.http11.Http11Processor.service(Http11Processor.java:397)
	at org.apache.coyote.AbstractProcessorLight.process(AbstractProcessorLight.java:63)
	at org.apache.coyote.AbstractProtocol$ConnectionHandler.process(AbstractProtocol.java:903)
	at org.apache.tomcat.util.net.NioEndpoint$SocketProcessor.doRun(NioEndpoint.java:1779)
	at org.apache.tomcat.util.net.SocketProcessorBase.run(SocketProcessorBase.java:52)
	at org.apache.tomcat.util.threads.ThreadPoolExecutor.runWorker(ThreadPoolExecutor.java:946)
	at org.apache.tomcat.util.threads.ThreadPoolExecutor$Worker.run(ThreadPoolExecutor.java:480)
	at org.apache.tomcat.util.threads.TaskThread$WrappingRunnable.run(TaskThread.java:57)
	at java.base/java.lang.Thread.run(Thread.java:840)
2026-04-09 10:55:04 - Application shutdown requested.
2026-04-09 10:55:04 - Commencing graceful shutdown. Waiting for active requests to complete
2026-04-09 10:55:04 - Graceful shutdown complete
2026-04-09 10:55:04 - Closing JPA EntityManagerFactory for persistence unit 'default'
2026-04-09 10:55:04 - HikariPool-1 - Shutdown initiated...
2026-04-09 10:55:04 - HikariPool-1 - Shutdown completed.
2026-04-09 10:55:38 - Starting AuthServiceApplication using Java 17.0.10 with PID 9300 (D:\DemoProjects\SB_basics\DCS\auth-service\target\classes started by Anil Kumar in D:\DemoProjects\SB_basics\DCS\auth-service)
2026-04-09 10:55:38 - No active profile set, falling back to 1 default profile: "default"
2026-04-09 10:55:39 - Bootstrapping Spring Data JPA repositories in DEFAULT mode.
2026-04-09 10:55:39 - Finished Spring Data repository scanning in 61 ms. Found 2 JPA repository interfaces.
2026-04-09 10:55:40 - BeanFactory id=fff658ba-7837-3169-9719-aeca9ad1694e
2026-04-09 10:55:40 - Tomcat initialized with port 8081 (http)
2026-04-09 10:55:40 - Starting service [Tomcat]
2026-04-09 10:55:40 - Starting Servlet engine: [Apache Tomcat/11.0.20]
2026-04-09 10:55:40 - Root WebApplicationContext: initialization completed in 1911 ms
2026-04-09 10:55:40 - HHH008540: Processing PersistenceUnitInfo [name: default]
2026-04-09 10:55:40 - HHH000001: Hibernate ORM core version 7.2.7.Final
2026-04-09 10:55:41 - No LoadTimeWeaver setup: ignoring JPA class transformer
2026-04-09 10:55:41 - HikariPool-1 - Starting...
2026-04-09 10:55:41 - HikariPool-1 - Added connection conn0: url=jdbc:h2:mem:authdb user=SA
2026-04-09 10:55:41 - HikariPool-1 - Start completed.
2026-04-09 10:55:41 - HHH10001005: Database info:
	Database JDBC URL [jdbc:h2:mem:authdb]
	Database driver: H2 JDBC Driver
	Database dialect: H2Dialect
	Database version: 2.4.240
	Default catalog/schema: AUTHDB/PUBLIC
	Autocommit mode: undefined/unknown
	Isolation level: READ_COMMITTED [default READ_COMMITTED]
	JDBC fetch size: 100
	Pool: DataSourceConnectionProvider
	Minimum pool size: undefined/unknown
	Maximum pool size: undefined/unknown
2026-04-09 10:55:43 - HHH000489: No JTA platform available (set 'hibernate.transaction.jta.platform' to enable JTA platform integration)
2026-04-09 10:55:43 - Initialized JPA EntityManagerFactory for persistence unit 'default'
2026-04-09 10:55:43 - Hibernate is in classpath; If applicable, HQL parser will be used.
2026-04-09 10:55:44 - spring.jpa.open-in-view is enabled by default. Therefore, database queries may be performed during view rendering. Explicitly configure spring.jpa.open-in-view to disable this warning
2026-04-09 10:55:44 - Global AuthenticationManager configured with UserDetailsService bean with name customUserDetailsService
2026-04-09 10:55:45 - H2 console available at '/h2-console'. Database available at 'jdbc:h2:mem:authdb'
2026-04-09 10:55:46 - Cannot determine local hostname
2026-04-09 10:55:46 - Tomcat started on port 8081 (http) with context path '/'
2026-04-09 10:55:47 - Cannot determine local hostname
2026-04-09 10:55:47 - Started AuthServiceApplication in 10.714 seconds (process running for 11.878)
2026-04-09 10:55:55 - Initializing Spring DispatcherServlet 'dispatcherServlet'
2026-04-09 10:55:55 - Initializing Servlet 'dispatcherServlet'
2026-04-09 10:55:55 - Completed initialization in 3 ms
2026-04-09 10:55:55 - Invalid or missing JWT
2026-04-09 10:55:55 - Registering user: admi@gmail.com
2026-04-09 10:56:00 - Invalid or missing JWT
2026-04-09 10:56:00 - Login attempt for email: admi@gmail.com
2026-04-09 10:56:01 - Login successful for: admi@gmail.com
2026-04-09 10:56:19 - JWT extracted for user: admi@gmail.com
2026-04-09 10:56:19 - User authenticated: admi@gmail.com
2026-04-09 10:56:55 - JWT extracted for user: admi@gmail.com
2026-04-09 10:56:55 - User authenticated: admi@gmail.com
2026-04-09 11:09:12 - JWT extracted for user: admi@gmail.com
2026-04-09 11:09:12 - User authenticated: admi@gmail.com
2026-04-09 11:13:47 - JWT extracted for user: admi@gmail.com
2026-04-09 11:13:47 - User authenticated: admi@gmail.com
2026-04-09 11:35:53 - Application shutdown requested.
2026-04-09 11:35:53 - Commencing graceful shutdown. Waiting for active requests to complete
2026-04-09 11:35:53 - Graceful shutdown complete
2026-04-09 11:35:53 - Closing JPA EntityManagerFactory for persistence unit 'default'
2026-04-09 11:35:53 - HikariPool-1 - Shutdown initiated...
2026-04-09 11:35:53 - HikariPool-1 - Shutdown completed.
2026-04-09 11:43:46 - Starting AuthServiceApplication using Java 17.0.10 with PID 7812 (D:\DemoProjects\SB_basics\DCS\auth-service\target\classes started by Anil Kumar in D:\DemoProjects\SB_basics\DCS\auth-service)
2026-04-09 11:43:46 - No active profile set, falling back to 1 default profile: "default"
2026-04-09 11:43:47 - Bootstrapping Spring Data JPA repositories in DEFAULT mode.
2026-04-09 11:43:47 - Finished Spring Data repository scanning in 59 ms. Found 2 JPA repository interfaces.
2026-04-09 11:43:47 - BeanFactory id=fff658ba-7837-3169-9719-aeca9ad1694e
2026-04-09 11:43:48 - Tomcat initialized with port 8081 (http)
2026-04-09 11:43:48 - Starting service [Tomcat]
2026-04-09 11:43:48 - Starting Servlet engine: [Apache Tomcat/11.0.20]
2026-04-09 11:43:48 - Root WebApplicationContext: initialization completed in 2047 ms
2026-04-09 11:43:48 - HHH008540: Processing PersistenceUnitInfo [name: default]
2026-04-09 11:43:48 - HHH000001: Hibernate ORM core version 7.2.7.Final
2026-04-09 11:43:49 - No LoadTimeWeaver setup: ignoring JPA class transformer
2026-04-09 11:43:49 - HikariPool-1 - Starting...
2026-04-09 11:43:49 - HikariPool-1 - Added connection conn0: url=jdbc:h2:mem:authdb user=SA
2026-04-09 11:43:49 - HikariPool-1 - Start completed.
2026-04-09 11:43:49 - HHH10001005: Database info:
	Database JDBC URL [jdbc:h2:mem:authdb]
	Database driver: H2 JDBC Driver
	Database dialect: H2Dialect
	Database version: 2.4.240
	Default catalog/schema: AUTHDB/PUBLIC
	Autocommit mode: undefined/unknown
	Isolation level: READ_COMMITTED [default READ_COMMITTED]
	JDBC fetch size: 100
	Pool: DataSourceConnectionProvider
	Minimum pool size: undefined/unknown
	Maximum pool size: undefined/unknown
2026-04-09 11:43:51 - HHH000489: No JTA platform available (set 'hibernate.transaction.jta.platform' to enable JTA platform integration)
2026-04-09 11:43:51 - Initialized JPA EntityManagerFactory for persistence unit 'default'
2026-04-09 11:43:52 - Hibernate is in classpath; If applicable, HQL parser will be used.
2026-04-09 11:43:52 - spring.jpa.open-in-view is enabled by default. Therefore, database queries may be performed during view rendering. Explicitly configure spring.jpa.open-in-view to disable this warning
2026-04-09 11:43:52 - Global AuthenticationManager configured with UserDetailsService bean with name customUserDetailsService
2026-04-09 11:43:53 - H2 console available at '/h2-console'. Database available at 'jdbc:h2:mem:authdb'
2026-04-09 11:43:54 - Cannot determine local hostname
2026-04-09 11:43:54 - Tomcat started on port 8081 (http) with context path '/'
2026-04-09 11:43:55 - Cannot determine local hostname
2026-04-09 11:43:55 - Started AuthServiceApplication in 11.037 seconds (process running for 12.219)
2026-04-09 11:45:02 - Initializing Spring DispatcherServlet 'dispatcherServlet'
2026-04-09 11:45:02 - Initializing Servlet 'dispatcherServlet'
2026-04-09 11:45:02 - Completed initialization in 4 ms
2026-04-09 11:45:02 - Invalid or missing JWT
2026-04-09 11:45:03 - Registering user: admi@gmail.com
2026-04-09 11:45:06 - Invalid or missing JWT
2026-04-09 11:45:06 - Login attempt for email: admi@gmail.com
2026-04-09 11:45:07 - Login successful for: admi@gmail.com
2026-04-09 11:45:40 - JWT extracted for user: admi@gmail.com
2026-04-09 11:45:41 - User authenticated: admi@gmail.com
2026-04-09 11:45:47 - JWT extracted for user: admi@gmail.com
2026-04-09 11:45:47 - User authenticated: admi@gmail.com
2026-04-09 11:48:26 - Invalid or missing JWT
2026-04-09 11:48:54 - Invalid or missing JWT
2026-04-09 11:48:54 - Registering user: admi@gmail.com
2026-04-09 11:49:02 - Invalid or missing JWT
2026-04-09 11:49:02 - Registering user: admin@gmail.com
2026-04-09 11:49:32 - Invalid or missing JWT
2026-04-09 11:49:32 - Login attempt for email: admin@gmail.com
2026-04-09 11:49:32 - Login successful for: admin@gmail.com
2026-04-09 11:50:02 - JWT extracted for user: admin@gmail.com
2026-04-09 11:50:02 - User authenticated: admin@gmail.com
2026-04-09 11:51:31 - JWT extracted for user: admin@gmail.com
2026-04-09 11:51:31 - User authenticated: admin@gmail.com
